[test\img_dft.cc:28] DFT time: 0.058000
[test\img_dft.cc:36] IDFT time: 0.056000
